// Jest Snapshot v1, https://goo.gl/fbAQLP

exports[`UserCard Component matches snapshot - edit mode OFF 1`] = `null`;

exports[`UserCard Component matches snapshot - edit mode ON, selected 1`] = `null`;
